\BOOKMARK [0][-]{chapter.1}{\376\377\0001\000\040\000H\000i\000e\000r\000a\000r\000c\000h\000i\000c\000a\000l\000\040\000I\000n\000d\000e\000x}{}% 1
\BOOKMARK [1][-]{section.1.1}{\376\377\0001\000.\0001\000\040\000C\000l\000a\000s\000s\000\040\000H\000i\000e\000r\000a\000r\000c\000h\000y}{chapter.1}% 2
\BOOKMARK [0][-]{chapter.2}{\376\377\0002\000\040\000C\000l\000a\000s\000s\000\040\000I\000n\000d\000e\000x}{}% 3
\BOOKMARK [1][-]{section.2.1}{\376\377\0002\000.\0001\000\040\000C\000l\000a\000s\000s\000\040\000L\000i\000s\000t}{chapter.2}% 4
\BOOKMARK [0][-]{chapter.3}{\376\377\0003\000\040\000F\000i\000l\000e\000\040\000I\000n\000d\000e\000x}{}% 5
\BOOKMARK [1][-]{section.3.1}{\376\377\0003\000.\0001\000\040\000F\000i\000l\000e\000\040\000L\000i\000s\000t}{chapter.3}% 6
\BOOKMARK [0][-]{chapter.4}{\376\377\0004\000\040\000C\000l\000a\000s\000s\000\040\000D\000o\000c\000u\000m\000e\000n\000t\000a\000t\000i\000o\000n}{}% 7
\BOOKMARK [1][-]{section.4.1}{\376\377\0004\000.\0001\000\040\000S\000t\000u\000d\000e\000n\000t\000a\000s\000\040\000C\000l\000a\000s\000s\000\040\000R\000e\000f\000e\000r\000e\000n\000c\000e}{chapter.4}% 8
\BOOKMARK [2][-]{subsection.4.1.1}{\376\377\0004\000.\0001\000.\0001\000\040\000D\000e\000t\000a\000i\000l\000e\000d\000\040\000D\000e\000s\000c\000r\000i\000p\000t\000i\000o\000n}{section.4.1}% 9
\BOOKMARK [2][-]{subsection.4.1.2}{\376\377\0004\000.\0001\000.\0002\000\040\000C\000o\000n\000s\000t\000r\000u\000c\000t\000o\000r\000\040\000\046\000\040\000D\000e\000s\000t\000r\000u\000c\000t\000o\000r\000\040\000D\000o\000c\000u\000m\000e\000n\000t\000a\000t\000i\000o\000n}{section.4.1}% 10
\BOOKMARK [3][-]{subsubsection.4.1.2.1}{\376\377\0004\000.\0001\000.\0002\000.\0001\000\040\000S\000t\000u\000d\000e\000n\000t\000a\000s\000\050\000\051\000\040\000[\0001\000/\0004\000]}{subsection.4.1.2}% 11
\BOOKMARK [3][-]{subsubsection.4.1.2.2}{\376\377\0004\000.\0001\000.\0002\000.\0002\000\040\000S\000t\000u\000d\000e\000n\000t\000a\000s\000\050\000\051\000\040\000[\0002\000/\0004\000]}{subsection.4.1.2}% 12
\BOOKMARK [3][-]{subsubsection.4.1.2.3}{\376\377\0004\000.\0001\000.\0002\000.\0003\000\040\000S\000t\000u\000d\000e\000n\000t\000a\000s\000\050\000\051\000\040\000[\0003\000/\0004\000]}{subsection.4.1.2}% 13
\BOOKMARK [3][-]{subsubsection.4.1.2.4}{\376\377\0004\000.\0001\000.\0002\000.\0004\000\040\000S\000t\000u\000d\000e\000n\000t\000a\000s\000\050\000\051\000\040\000[\0004\000/\0004\000]}{subsection.4.1.2}% 14
\BOOKMARK [3][-]{subsubsection.4.1.2.5}{\376\377\0004\000.\0001\000.\0002\000.\0005\000\040\000~\000S\000t\000u\000d\000e\000n\000t\000a\000s\000\050\000\051}{subsection.4.1.2}% 15
\BOOKMARK [2][-]{subsection.4.1.3}{\376\377\0004\000.\0001\000.\0003\000\040\000M\000e\000m\000b\000e\000r\000\040\000F\000u\000n\000c\000t\000i\000o\000n\000\040\000D\000o\000c\000u\000m\000e\000n\000t\000a\000t\000i\000o\000n}{section.4.1}% 16
\BOOKMARK [3][-]{subsubsection.4.1.3.1}{\376\377\0004\000.\0001\000.\0003\000.\0001\000\040\000a\000d\000d\000N\000d\000\050\000\051}{subsection.4.1.3}% 17
\BOOKMARK [3][-]{subsubsection.4.1.3.2}{\376\377\0004\000.\0001\000.\0003\000.\0002\000\040\000c\000l\000e\000a\000r\000N\000d\000\050\000\051}{subsection.4.1.3}% 18
\BOOKMARK [3][-]{subsubsection.4.1.3.3}{\376\377\0004\000.\0001\000.\0003\000.\0003\000\040\000e\000g\000z\000\050\000\051}{subsection.4.1.3}% 19
\BOOKMARK [3][-]{subsubsection.4.1.3.4}{\376\377\0004\000.\0001\000.\0003\000.\0004\000\040\000g\000a\000l\000u\000t\000i\000n\000i\000s\000M\000e\000d\000\050\000\051}{subsection.4.1.3}% 20
\BOOKMARK [3][-]{subsubsection.4.1.3.5}{\376\377\0004\000.\0001\000.\0003\000.\0005\000\040\000g\000a\000l\000u\000t\000i\000n\000i\000s\000V\000i\000d\000\050\000\051}{subsection.4.1.3}% 21
\BOOKMARK [3][-]{subsubsection.4.1.3.6}{\376\377\0004\000.\0001\000.\0003\000.\0006\000\040\000n\000d\000\050\000\051}{subsection.4.1.3}% 22
\BOOKMARK [3][-]{subsubsection.4.1.3.7}{\376\377\0004\000.\0001\000.\0003\000.\0007\000\040\000o\000p\000e\000r\000a\000t\000o\000r\000=\000\050\000\051\000\040\000[\0001\000/\0002\000]}{subsection.4.1.3}% 23
\BOOKMARK [3][-]{subsubsection.4.1.3.8}{\376\377\0004\000.\0001\000.\0003\000.\0008\000\040\000o\000p\000e\000r\000a\000t\000o\000r\000=\000\050\000\051\000\040\000[\0002\000/\0002\000]}{subsection.4.1.3}% 24
\BOOKMARK [3][-]{subsubsection.4.1.3.9}{\376\377\0004\000.\0001\000.\0003\000.\0009\000\040\000p\000a\000v\000a\000r\000d\000e\000\050\000\051}{subsection.4.1.3}% 25
\BOOKMARK [3][-]{subsubsection.4.1.3.10}{\376\377\0004\000.\0001\000.\0003\000.\0001\0000\000\040\000s\000e\000t\000E\000g\000z\000\050\000\051}{subsection.4.1.3}% 26
\BOOKMARK [3][-]{subsubsection.4.1.3.11}{\376\377\0004\000.\0001\000.\0003\000.\0001\0001\000\040\000s\000e\000t\000G\000a\000l\000u\000t\000i\000n\000i\000s\000M\000e\000d\000\050\000\051}{subsection.4.1.3}% 27
\BOOKMARK [3][-]{subsubsection.4.1.3.12}{\376\377\0004\000.\0001\000.\0003\000.\0001\0002\000\040\000s\000e\000t\000G\000a\000l\000u\000t\000i\000n\000i\000s\000V\000i\000d\000\050\000\051}{subsection.4.1.3}% 28
\BOOKMARK [3][-]{subsubsection.4.1.3.13}{\376\377\0004\000.\0001\000.\0003\000.\0001\0003\000\040\000s\000e\000t\000P\000a\000v\000a\000r\000d\000e\000\050\000\051}{subsection.4.1.3}% 29
\BOOKMARK [3][-]{subsubsection.4.1.3.14}{\376\377\0004\000.\0001\000.\0003\000.\0001\0004\000\040\000s\000e\000t\000V\000a\000r\000d\000a\000s\000\050\000\051}{subsection.4.1.3}% 30
\BOOKMARK [3][-]{subsubsection.4.1.3.15}{\376\377\0004\000.\0001\000.\0003\000.\0001\0005\000\040\000s\000k\000a\000i\000c\000i\000u\000o\000t\000i\000G\000a\000l\000u\000t\000i\000n\000i\000u\000s\000\050\000\051}{subsection.4.1.3}% 31
\BOOKMARK [3][-]{subsubsection.4.1.3.16}{\376\377\0004\000.\0001\000.\0003\000.\0001\0006\000\040\000t\000i\000p\000a\000s\000\050\000\051}{subsection.4.1.3}% 32
\BOOKMARK [3][-]{subsubsection.4.1.3.17}{\376\377\0004\000.\0001\000.\0003\000.\0001\0007\000\040\000v\000a\000r\000d\000a\000s\000\050\000\051}{subsection.4.1.3}% 33
\BOOKMARK [2][-]{subsection.4.1.4}{\376\377\0004\000.\0001\000.\0004\000\040\000F\000r\000i\000e\000n\000d\000s\000\040\000A\000n\000d\000\040\000R\000e\000l\000a\000t\000e\000d\000\040\000S\000y\000m\000b\000o\000l\000\040\000D\000o\000c\000u\000m\000e\000n\000t\000a\000t\000i\000o\000n}{section.4.1}% 34
\BOOKMARK [3][-]{subsubsection.4.1.4.1}{\376\377\0004\000.\0001\000.\0004\000.\0001\000\040\000o\000p\000e\000r\000a\000t\000o\000r\000<\000<}{subsection.4.1.4}% 35
\BOOKMARK [3][-]{subsubsection.4.1.4.2}{\376\377\0004\000.\0001\000.\0004\000.\0002\000\040\000o\000p\000e\000r\000a\000t\000o\000r\000>\000>}{subsection.4.1.4}% 36
\BOOKMARK [2][-]{subsection.4.1.5}{\376\377\0004\000.\0001\000.\0005\000\040\000M\000e\000m\000b\000e\000r\000\040\000D\000a\000t\000a\000\040\000D\000o\000c\000u\000m\000e\000n\000t\000a\000t\000i\000o\000n}{section.4.1}% 37
\BOOKMARK [3][-]{subsubsection.4.1.5.1}{\376\377\0004\000.\0001\000.\0005\000.\0001\000\040\000e\000g\000z\000\137}{subsection.4.1.5}% 38
\BOOKMARK [3][-]{subsubsection.4.1.5.2}{\376\377\0004\000.\0001\000.\0005\000.\0002\000\040\000g\000a\000l\000u\000t\000i\000n\000i\000s\000\137\000m\000e\000d\000\137}{subsection.4.1.5}% 39
\BOOKMARK [3][-]{subsubsection.4.1.5.3}{\376\377\0004\000.\0001\000.\0005\000.\0003\000\040\000g\000a\000l\000u\000t\000i\000n\000i\000s\000\137\000v\000i\000d\000\137}{subsection.4.1.5}% 40
\BOOKMARK [3][-]{subsubsection.4.1.5.4}{\376\377\0004\000.\0001\000.\0005\000.\0004\000\040\000n\000d\000\137}{subsection.4.1.5}% 41
\BOOKMARK [1][-]{section.4.2}{\376\377\0004\000.\0002\000\040\000Z\000m\000o\000g\000u\000s\000\040\000C\000l\000a\000s\000s\000\040\000R\000e\000f\000e\000r\000e\000n\000c\000e}{chapter.4}% 42
\BOOKMARK [2][-]{subsection.4.2.1}{\376\377\0004\000.\0002\000.\0001\000\040\000D\000e\000t\000a\000i\000l\000e\000d\000\040\000D\000e\000s\000c\000r\000i\000p\000t\000i\000o\000n}{section.4.2}% 43
\BOOKMARK [2][-]{subsection.4.2.2}{\376\377\0004\000.\0002\000.\0002\000\040\000C\000o\000n\000s\000t\000r\000u\000c\000t\000o\000r\000\040\000\046\000\040\000D\000e\000s\000t\000r\000u\000c\000t\000o\000r\000\040\000D\000o\000c\000u\000m\000e\000n\000t\000a\000t\000i\000o\000n}{section.4.2}% 44
\BOOKMARK [3][-]{subsubsection.4.2.2.1}{\376\377\0004\000.\0002\000.\0002\000.\0001\000\040\000Z\000m\000o\000g\000u\000s\000\050\000\051\000\040\000[\0001\000/\0002\000]}{subsection.4.2.2}% 45
\BOOKMARK [3][-]{subsubsection.4.2.2.2}{\376\377\0004\000.\0002\000.\0002\000.\0002\000\040\000Z\000m\000o\000g\000u\000s\000\050\000\051\000\040\000[\0002\000/\0002\000]}{subsection.4.2.2}% 46
\BOOKMARK [3][-]{subsubsection.4.2.2.3}{\376\377\0004\000.\0002\000.\0002\000.\0003\000\040\000~\000Z\000m\000o\000g\000u\000s\000\050\000\051}{subsection.4.2.2}% 47
\BOOKMARK [2][-]{subsection.4.2.3}{\376\377\0004\000.\0002\000.\0003\000\040\000M\000e\000m\000b\000e\000r\000\040\000F\000u\000n\000c\000t\000i\000o\000n\000\040\000D\000o\000c\000u\000m\000e\000n\000t\000a\000t\000i\000o\000n}{section.4.2}% 48
\BOOKMARK [3][-]{subsubsection.4.2.3.1}{\376\377\0004\000.\0002\000.\0003\000.\0001\000\040\000p\000a\000v\000a\000r\000d\000e\000\050\000\051}{subsection.4.2.3}% 49
\BOOKMARK [3][-]{subsubsection.4.2.3.2}{\376\377\0004\000.\0002\000.\0003\000.\0002\000\040\000s\000e\000t\000P\000a\000v\000a\000r\000d\000e\000\050\000\051}{subsection.4.2.3}% 50
\BOOKMARK [3][-]{subsubsection.4.2.3.3}{\376\377\0004\000.\0002\000.\0003\000.\0003\000\040\000s\000e\000t\000V\000a\000r\000d\000a\000s\000\050\000\051}{subsection.4.2.3}% 51
\BOOKMARK [3][-]{subsubsection.4.2.3.4}{\376\377\0004\000.\0002\000.\0003\000.\0004\000\040\000t\000i\000p\000a\000s\000\050\000\051}{subsection.4.2.3}% 52
\BOOKMARK [3][-]{subsubsection.4.2.3.5}{\376\377\0004\000.\0002\000.\0003\000.\0005\000\040\000v\000a\000r\000d\000a\000s\000\050\000\051}{subsection.4.2.3}% 53
\BOOKMARK [2][-]{subsection.4.2.4}{\376\377\0004\000.\0002\000.\0004\000\040\000M\000e\000m\000b\000e\000r\000\040\000D\000a\000t\000a\000\040\000D\000o\000c\000u\000m\000e\000n\000t\000a\000t\000i\000o\000n}{section.4.2}% 54
\BOOKMARK [3][-]{subsubsection.4.2.4.1}{\376\377\0004\000.\0002\000.\0004\000.\0001\000\040\000p\000a\000v\000a\000r\000d\000e\000\137}{subsection.4.2.4}% 55
\BOOKMARK [3][-]{subsubsection.4.2.4.2}{\376\377\0004\000.\0002\000.\0004\000.\0002\000\040\000v\000a\000r\000d\000a\000s\000\137}{subsection.4.2.4}% 56
\BOOKMARK [0][-]{chapter.5}{\376\377\0005\000\040\000F\000i\000l\000e\000\040\000D\000o\000c\000u\000m\000e\000n\000t\000a\000t\000i\000o\000n}{}% 57
\BOOKMARK [1][-]{section.5.1}{\376\377\0005\000.\0001\000\040\000f\000u\000n\000c\000.\000c\000p\000p\000\040\000F\000i\000l\000e\000\040\000R\000e\000f\000e\000r\000e\000n\000c\000e}{chapter.5}% 58
\BOOKMARK [2][-]{subsection.5.1.1}{\376\377\0005\000.\0001\000.\0001\000\040\000F\000u\000n\000c\000t\000i\000o\000n\000\040\000D\000o\000c\000u\000m\000e\000n\000t\000a\000t\000i\000o\000n}{section.5.1}% 59
\BOOKMARK [3][-]{subsubsection.5.1.1.1}{\376\377\0005\000.\0001\000.\0001\000.\0001\000\040\000F\000a\000i\000l\000u\000G\000e\000n\000e\000r\000a\000v\000i\000m\000a\000s\000\050\000\051}{subsection.5.1.1}% 60
\BOOKMARK [3][-]{subsubsection.5.1.1.2}{\376\377\0005\000.\0001\000.\0001\000.\0002\000\040\000G\000e\000n\000e\000r\000u\000o\000t\000u\000R\000u\000s\000i\000a\000v\000i\000m\000a\000s\000D\000e\000q\000u\000e\000\050\000\051}{subsection.5.1.1}% 61
\BOOKMARK [3][-]{subsubsection.5.1.1.3}{\376\377\0005\000.\0001\000.\0001\000.\0003\000\040\000G\000e\000n\000e\000r\000u\000o\000t\000u\000R\000u\000s\000i\000a\000v\000i\000m\000a\000s\000I\000m\000p\000l\000\050\000\051}{subsection.5.1.1}% 62
\BOOKMARK [3][-]{subsubsection.5.1.1.4}{\376\377\0005\000.\0001\000.\0001\000.\0004\000\040\000G\000e\000n\000e\000r\000u\000o\000t\000u\000R\000u\000s\000i\000a\000v\000i\000m\000a\000s\000L\000i\000s\000t\000\050\000\051}{subsection.5.1.1}% 63
\BOOKMARK [3][-]{subsubsection.5.1.1.5}{\376\377\0005\000.\0001\000.\0001\000.\0005\000\040\000G\000e\000n\000e\000r\000u\000o\000t\000u\000R\000u\000s\000i\000a\000v\000i\000m\000a\000s\000V\000e\000c\000\050\000\051}{subsection.5.1.1}% 64
\BOOKMARK [3][-]{subsubsection.5.1.1.6}{\376\377\0005\000.\0001\000.\0001\000.\0006\000\040\000R\000e\000z\000u\000l\000t\000a\000t\000a\000s\000\050\000\051}{subsection.5.1.1}% 65
\BOOKMARK [3][-]{subsubsection.5.1.1.7}{\376\377\0005\000.\0001\000.\0001\000.\0007\000\040\000R\000e\000z\000u\000l\000t\000a\000t\000a\000s\000F\000a\000i\000l\000o\000\050\000\051}{subsection.5.1.1}% 66
\BOOKMARK [3][-]{subsubsection.5.1.1.8}{\376\377\0005\000.\0001\000.\0001\000.\0008\000\040\000S\000k\000a\000i\000t\000y\000t\000i\000\050\000\051}{subsection.5.1.1}% 67
\BOOKMARK [3][-]{subsubsection.5.1.1.9}{\376\377\0005\000.\0001\000.\0001\000.\0009\000\040\000S\000k\000a\000i\000t\000y\000t\000i\000F\000a\000i\000l\000a\000\050\000\051}{subsection.5.1.1}% 68
\BOOKMARK [3][-]{subsubsection.5.1.1.10}{\376\377\0005\000.\0001\000.\0001\000.\0001\0000\000\040\000s\000o\000r\000t\000C\000o\000n\000t\000a\000i\000n\000e\000r\000\050\000\051\000\040\000[\0001\000/\0002\000]}{subsection.5.1.1}% 69
\BOOKMARK [3][-]{subsubsection.5.1.1.11}{\376\377\0005\000.\0001\000.\0001\000.\0001\0001\000\040\000s\000o\000r\000t\000C\000o\000n\000t\000a\000i\000n\000e\000r\000\050\000\051\000\040\000[\0002\000/\0002\000]}{subsection.5.1.1}% 70
\BOOKMARK [3][-]{subsubsection.5.1.1.12}{\376\377\0005\000.\0001\000.\0001\000.\0001\0002\000\040\000T\000r\000i\000n\000t\000i\000F\000a\000i\000l\000a\000\050\000\051}{subsection.5.1.1}% 71
\BOOKMARK [1][-]{section.5.2}{\376\377\0005\000.\0002\000\040\000f\000u\000n\000c\000.\000h\000\040\000F\000i\000l\000e\000\040\000R\000e\000f\000e\000r\000e\000n\000c\000e}{chapter.5}% 72
\BOOKMARK [2][-]{subsection.5.2.1}{\376\377\0005\000.\0002\000.\0001\000\040\000D\000e\000t\000a\000i\000l\000e\000d\000\040\000D\000e\000s\000c\000r\000i\000p\000t\000i\000o\000n}{section.5.2}% 73
\BOOKMARK [2][-]{subsection.5.2.2}{\376\377\0005\000.\0002\000.\0002\000\040\000T\000y\000p\000e\000d\000e\000f\000\040\000D\000o\000c\000u\000m\000e\000n\000t\000a\000t\000i\000o\000n}{section.5.2}% 74
\BOOKMARK [3][-]{subsubsection.5.2.2.1}{\376\377\0005\000.\0002\000.\0002\000.\0001\000\040\000S\000t\000u\000d\000e\000n\000t\000D\000e\000q\000u\000e}{subsection.5.2.2}% 75
\BOOKMARK [3][-]{subsubsection.5.2.2.2}{\376\377\0005\000.\0002\000.\0002\000.\0002\000\040\000S\000t\000u\000d\000e\000n\000t\000L\000i\000s\000t}{subsection.5.2.2}% 76
\BOOKMARK [3][-]{subsubsection.5.2.2.3}{\376\377\0005\000.\0002\000.\0002\000.\0003\000\040\000S\000t\000u\000d\000e\000n\000t\000V\000e\000c}{subsection.5.2.2}% 77
\BOOKMARK [2][-]{subsection.5.2.3}{\376\377\0005\000.\0002\000.\0003\000\040\000F\000u\000n\000c\000t\000i\000o\000n\000\040\000D\000o\000c\000u\000m\000e\000n\000t\000a\000t\000i\000o\000n}{section.5.2}% 78
\BOOKMARK [3][-]{subsubsection.5.2.3.1}{\376\377\0005\000.\0002\000.\0003\000.\0001\000\040\000F\000a\000i\000l\000u\000G\000e\000n\000e\000r\000a\000v\000i\000m\000a\000s\000\050\000\051}{subsection.5.2.3}% 79
\BOOKMARK [3][-]{subsubsection.5.2.3.2}{\376\377\0005\000.\0002\000.\0003\000.\0002\000\040\000G\000e\000n\000e\000r\000u\000o\000t\000u\000R\000u\000s\000i\000a\000v\000i\000m\000a\000s\000D\000e\000q\000u\000e\000\050\000\051}{subsection.5.2.3}% 80
\BOOKMARK [3][-]{subsubsection.5.2.3.3}{\376\377\0005\000.\0002\000.\0003\000.\0003\000\040\000G\000e\000n\000e\000r\000u\000o\000t\000u\000R\000u\000s\000i\000a\000v\000i\000m\000a\000s\000L\000i\000s\000t\000\050\000\051}{subsection.5.2.3}% 81
\BOOKMARK [3][-]{subsubsection.5.2.3.4}{\376\377\0005\000.\0002\000.\0003\000.\0004\000\040\000G\000e\000n\000e\000r\000u\000o\000t\000u\000R\000u\000s\000i\000a\000v\000i\000m\000a\000s\000V\000e\000c\000\050\000\051}{subsection.5.2.3}% 82
\BOOKMARK [3][-]{subsubsection.5.2.3.5}{\376\377\0005\000.\0002\000.\0003\000.\0005\000\040\000M\000e\000d\000i\000a\000n\000a\000\050\000\051}{subsection.5.2.3}% 83
\BOOKMARK [3][-]{subsubsection.5.2.3.6}{\376\377\0005\000.\0002\000.\0003\000.\0006\000\040\000R\000e\000z\000u\000l\000t\000a\000t\000a\000s\000\050\000\051}{subsection.5.2.3}% 84
\BOOKMARK [3][-]{subsubsection.5.2.3.7}{\376\377\0005\000.\0002\000.\0003\000.\0007\000\040\000R\000e\000z\000u\000l\000t\000a\000t\000a\000s\000F\000a\000i\000l\000o\000\050\000\051}{subsection.5.2.3}% 85
\BOOKMARK [3][-]{subsubsection.5.2.3.8}{\376\377\0005\000.\0002\000.\0003\000.\0008\000\040\000S\000k\000a\000i\000t\000y\000t\000i\000\050\000\051}{subsection.5.2.3}% 86
\BOOKMARK [3][-]{subsubsection.5.2.3.9}{\376\377\0005\000.\0002\000.\0003\000.\0009\000\040\000S\000k\000a\000i\000t\000y\000t\000i\000F\000a\000i\000l\000a\000\050\000\051}{subsection.5.2.3}% 87
\BOOKMARK [3][-]{subsubsection.5.2.3.10}{\376\377\0005\000.\0002\000.\0003\000.\0001\0000\000\040\000T\000r\000i\000n\000t\000i\000F\000a\000i\000l\000a\000\050\000\051}{subsection.5.2.3}% 88
\BOOKMARK [3][-]{subsubsection.5.2.3.11}{\376\377\0005\000.\0002\000.\0003\000.\0001\0001\000\040\000V\000i\000d\000u\000r\000k\000i\000s\000\050\000\051}{subsection.5.2.3}% 89
\BOOKMARK [1][-]{section.5.3}{\376\377\0005\000.\0003\000\040\000f\000u\000n\000c\000.\000h}{chapter.5}% 90
\BOOKMARK [1][-]{section.5.4}{\376\377\0005\000.\0004\000\040\000m\000a\000i\000n\000.\000c\000p\000p\000\040\000F\000i\000l\000e\000\040\000R\000e\000f\000e\000r\000e\000n\000c\000e}{chapter.5}% 91
\BOOKMARK [2][-]{subsection.5.4.1}{\376\377\0005\000.\0004\000.\0001\000\040\000F\000u\000n\000c\000t\000i\000o\000n\000\040\000D\000o\000c\000u\000m\000e\000n\000t\000a\000t\000i\000o\000n}{section.5.4}% 92
\BOOKMARK [3][-]{subsubsection.5.4.1.1}{\376\377\0005\000.\0004\000.\0001\000.\0001\000\040\000m\000a\000i\000n\000\050\000\051}{subsection.5.4.1}% 93
\BOOKMARK [1][-]{section.5.5}{\376\377\0005\000.\0005\000\040\000S\000t\000u\000d\000e\000n\000t\000a\000s\000.\000c\000p\000p\000\040\000F\000i\000l\000e\000\040\000R\000e\000f\000e\000r\000e\000n\000c\000e}{chapter.5}% 94
\BOOKMARK [2][-]{subsection.5.5.1}{\376\377\0005\000.\0005\000.\0001\000\040\000F\000u\000n\000c\000t\000i\000o\000n\000\040\000D\000o\000c\000u\000m\000e\000n\000t\000a\000t\000i\000o\000n}{section.5.5}% 95
\BOOKMARK [3][-]{subsubsection.5.5.1.1}{\376\377\0005\000.\0005\000.\0001\000.\0001\000\040\000o\000p\000e\000r\000a\000t\000o\000r\000<\000<\000\050\000\051}{subsection.5.5.1}% 96
\BOOKMARK [3][-]{subsubsection.5.5.1.2}{\376\377\0005\000.\0005\000.\0001\000.\0002\000\040\000o\000p\000e\000r\000a\000t\000o\000r\000>\000>\000\050\000\051}{subsection.5.5.1}% 97
\BOOKMARK [1][-]{section.5.6}{\376\377\0005\000.\0006\000\040\000S\000t\000u\000d\000e\000n\000t\000a\000s\000.\000h\000\040\000F\000i\000l\000e\000\040\000R\000e\000f\000e\000r\000e\000n\000c\000e}{chapter.5}% 98
\BOOKMARK [2][-]{subsection.5.6.1}{\376\377\0005\000.\0006\000.\0001\000\040\000D\000e\000t\000a\000i\000l\000e\000d\000\040\000D\000e\000s\000c\000r\000i\000p\000t\000i\000o\000n}{section.5.6}% 99
\BOOKMARK [1][-]{section.5.7}{\376\377\0005\000.\0007\000\040\000S\000t\000u\000d\000e\000n\000t\000a\000s\000.\000h}{chapter.5}% 100
\BOOKMARK [1][-]{section.5.8}{\376\377\0005\000.\0008\000\040\000Z\000m\000o\000g\000u\000s\000.\000h\000\040\000F\000i\000l\000e\000\040\000R\000e\000f\000e\000r\000e\000n\000c\000e}{chapter.5}% 101
\BOOKMARK [2][-]{subsection.5.8.1}{\376\377\0005\000.\0008\000.\0001\000\040\000D\000e\000t\000a\000i\000l\000e\000d\000\040\000D\000e\000s\000c\000r\000i\000p\000t\000i\000o\000n}{section.5.8}% 102
\BOOKMARK [1][-]{section.5.9}{\376\377\0005\000.\0009\000\040\000Z\000m\000o\000g\000u\000s\000.\000h}{chapter.5}% 103
\BOOKMARK [0][-]{section*.20}{\376\377\000I\000n\000d\000e\000x}{}% 104
